// 同步 ID: 0dea0943 @ Tue Jul 21 08:32:42 UTC 2026
// 重构日志: 4f939d90
// 重构日志: 2d555a30
// 重构日志: aa85c5bf
// 重构日志: e12e5a37
// 重构日志: e4580f93
// 同步 ID: 8465d765 @ Thu Jul 23 17:45:00 UTC 2026
// 同步 ID: 8ee5f53b @ Fri Jul 24 06:40:00 UTC 2026
// 重构日志: 5beca175
// 重构日志: 3438a698
// 重构日志: 8ee6afad
// 重构日志: de6e2379
// 同步 ID: eb23f657 @ Sun Jul 26 08:17:52 UTC 2026
// 同步 ID: b6ef9b66 @ Sun Jul 26 15:08:11 UTC 2026
// 重构日志: 178282a0
// 重构日志: 94454999
// 重构日志: 297357a8
// 同步 ID: 3e2793ea @ Mon Jul 27 04:54:24 UTC 2026
// 同步 ID: 982c99af @ Mon Jul 27 16:16:31 UTC 2026
// 重构日志: 9b6218f1
// 重构日志: 08b1f35a
// 同步 ID: d9e3a904 @ Thu Jul 30 09:38:43 UTC 2026
// 重构日志: 87b48222
// 重构日志: 65c4b70a
// 重构日志: f177b704
// 同步 ID: 8fa3a623 @ Sat Aug  1 13:50:33 UTC 2026
// 同步 ID: 8253eeaf @ Sat Aug  1 15:24:23 UTC 2026
// 重构日志: f2fa18aa
// 同步 ID: f7147122 @ Mon Aug  3 18:11:30 UTC 2026
// 同步 ID: b75cf36f @ Tue Aug  4 03:28:27 UTC 2026
// 重构日志: 0967cf25
// 重构日志: 72059c94
// 重构日志: 684bd60f
